[study.iitm.ac.in/ds/index.html]
[backblue.gif]
[fade.gif]
[index.html]
[study.iitm.ac.in/ds/assets/img/logo.ico]
[study.iitm.ac.in/ds/humans.txt]
[study.iitm.ac.in/ds/assets/js/core/jquery.min.js]
[study.iitm.ac.in/ds/assets/img/logo.png]
[study.iitm.ac.in/ds/archive.html]
[study.iitm.ac.in/ds/partnerships.html]
[study.iitm.ac.in/ds/aboutIITM.html]
[study.iitm.ac.in/ds/faq.html]
[study.iitm.ac.in/ds/academics.html]
[study.iitm.ac.in/ds/academic_calendar.html]
[study.iitm.ac.in/ds/admissions.html]
[study.iitm.ac.in/ds/student_life.html]
[study.iitm.ac.in/ds/testimonials.html]
[study.iitm.ac.in/ds/tos.html]
[study.iitm.ac.in/ds/index.html]
[study.iitm.ac.in/ds/privacy_policy.html]
[study.iitm.ac.in/ds/assets/css/nucleo-svg.css]
[study.iitm.ac.in/ds/assets/css/argon-design-system5438.css]
[study.iitm.ac.in/ds/assets/css/index.css]
[study.iitm.ac.in/ds/index-2.html]
[study.iitm.ac.in/ds/assets/js/core/popper.min.js]
[study.iitm.ac.in/ds/assets/js/core/bootstrap.min.js]
[study.iitm.ac.in/ds/assets/js/plugins/perfect-scrollbar.jquery.min.js]
[study.iitm.ac.in/ds/assets/js/plugins/bootstrap-switch.js]
[study.iitm.ac.in/ds/assets/js/plugins/nouislider.min.js]
[study.iitm.ac.in/ds/assets/js/plugins/moment.min.js]
[study.iitm.ac.in/ds/assets/js/plugins/datetimepicker.js]
[study.iitm.ac.in/ds/assets/js/plugins/bootstrap-datepicker.min.js]
[study.iitm.ac.in/ds/assets/js/argon-design-system.min5438.js]
[study.iitm.ac.in/ds/assets/js/custom/google-language-translator.js]
[study.iitm.ac.in/ds/archive.html]
[study.iitm.ac.in/ds/assets/js/custom/sheets-api.js]
[study.iitm.ac.in/ds/assets/img/csr/assocham award.jpg]
[study.iitm.ac.in/ds/assets/img/csr/IIT Madras-csruniverse.jpg]
[study.iitm.ac.in/ds/assets/img/csr/iitm-csr-map.png]
[study.iitm.ac.in/ds/partnerships.html]
[study.iitm.ac.in/ds/assets/pdf/Internship and Placement Brochure.pdf]
[study.iitm.ac.in/ds/assets/img/aboutIITM/36428026_1996256613729115_5858753103083339776_o@2x.png]
[study.iitm.ac.in/ds/assets/img/aboutIITM/About IITM-mobile.jpg]
[study.iitm.ac.in/ds/assets/img/aboutIITM/About_IITM_icon-01_website.svg]
[study.iitm.ac.in/ds/assets/img/aboutIITM/About_IITM_icon-02_facebook.svg]
[study.iitm.ac.in/ds/assets/img/aboutIITM/About_IITM_icon-03_instagram.svg]
[study.iitm.ac.in/ds/assets/img/aboutIITM/About_IITM_icon-04_twitter.svg]
[study.iitm.ac.in/ds/assets/img/aboutIITM/Andrew.jpg]
[study.iitm.ac.in/ds/assets/img/aboutIITM/Vignesh.jpg]
[study.iitm.ac.in/ds/assets/img/aboutIITM/prof-balaji.png]
[study.iitm.ac.in/ds/aboutIITM.html]
[study.iitm.ac.in/ds/assets/js/custom/video-modal.js]
[study.iitm.ac.in/ds/faq.html]
[study.iitm.ac.in/ds/assets/js/custom/faq.js]
[study.iitm.ac.in/ds/assets/img/academics/Programme_Structure.jpg]
[study.iitm.ac.in/ds/assets/img/academics/Academics_icon-01.svg]
[study.iitm.ac.in/ds/assets/img/academics/Academics_icon-06.svg]
[study.iitm.ac.in/ds/assets/img/academics/Academics_icon-02.svg]
[study.iitm.ac.in/ds/assets/img/academics/Academics_icon-03.svg]
[study.iitm.ac.in/ds/assets/img/academics/Academics_icon-04.svg]
[study.iitm.ac.in/ds/assets/img/academics/Academics_icon-05.svg]
[study.iitm.ac.in/ds/assets/img/academics/course_structure_web.png]
[study.iitm.ac.in/ds/assets/pdf/Format_family_income_certificate.pdf]
[study.iitm.ac.in/ds/assets/pdf/Format_OBC_NCL.pdf]
[study.iitm.ac.in/ds/assets/pdf/Format_EWS.pdf]
[study.iitm.ac.in/ds/course_pages/BSMA1003.html]
[study.iitm.ac.in/ds/course_pages/BSMA1001.html]
[study.iitm.ac.in/ds/course_pages/BSMA1002.html]
[study.iitm.ac.in/ds/course_pages/BSCS1001.html]
[study.iitm.ac.in/ds/course_pages/BSHS1001.html]
[study.iitm.ac.in/ds/course_pages/BSMA1004.html]
[study.iitm.ac.in/ds/course_pages/BSCS1002.html]
[study.iitm.ac.in/ds/course_pages/BSHS1002.html]
[study.iitm.ac.in/ds/course_pages/BSCS2001.html]
[study.iitm.ac.in/ds/course_pages/BSCS2002.html]
[study.iitm.ac.in/ds/course_pages/BSCS2003.html]
[study.iitm.ac.in/ds/course_pages/BSCS2003P.html]
[study.iitm.ac.in/ds/course_pages/BSCS2005.html]
[study.iitm.ac.in/ds/course_pages/BSCS2006.html]
[study.iitm.ac.in/ds/course_pages/BSCS2006P.html]
[study.iitm.ac.in/ds/course_pages/BSSE2001.html]
[study.iitm.ac.in/ds/course_pages/BSCS2004.html]
[study.iitm.ac.in/ds/course_pages/BSMS2001.html]
[study.iitm.ac.in/ds/course_pages/BSMS2001P.html]
[study.iitm.ac.in/ds/course_pages/BSCS2007.html]
[study.iitm.ac.in/ds/course_pages/BSCS2008.html]
[study.iitm.ac.in/ds/course_pages/BSCS2008P.html]
[study.iitm.ac.in/ds/course_pages/BSMS2002.html]
[study.iitm.ac.in/ds/course_pages/BSSE2002.html]
[study.iitm.ac.in/ds/course_pages/BSCS3001.html]
[study.iitm.ac.in/ds/course_pages/BSCS3003.html]
[study.iitm.ac.in/ds/course_pages/BSCS3002.html]
[study.iitm.ac.in/ds/course_pages/BSCS3004.html]
[study.iitm.ac.in/ds/course_pages/BSGN3001.html]
[study.iitm.ac.in/ds/course_pages/BSBT4001.html]
[study.iitm.ac.in/ds/course_pages/BSBT4002.html]
[study.iitm.ac.in/ds/course_pages/BSCS4001.html]
[study.iitm.ac.in/ds/course_pages/BSCS4002.html]
[study.iitm.ac.in/ds/course_pages/BSEE4001.html]
[study.iitm.ac.in/ds/course_pages/BSMS4002.html]
[study.iitm.ac.in/ds/course_pages/BSMS4001.html]
[study.iitm.ac.in/ds/course_pages/BSDA5007.html]
[study.iitm.ac.in/ds/course_pages/BSMS3002.html]
[study.iitm.ac.in/ds/course_pages/BSCS3007.html]
[study.iitm.ac.in/ds/course_pages/BSDA5001.html]
[study.iitm.ac.in/ds/course_pages/BSGN3002.html]
[study.iitm.ac.in/ds/course_pages/BSMA3012.html]
[study.iitm.ac.in/ds/course_pages/BSCS4021.html]
[study.iitm.ac.in/ds/course_pages/BSMA3014.html]
[study.iitm.ac.in/ds/course_pages/BSCS3031.html]
[study.iitm.ac.in/ds/course_pages/BSCS3005.html]
[study.iitm.ac.in/ds/course_pages/BSMA2001.html]
[study.iitm.ac.in/ds/course_pages/BSCS5001.html]
[study.iitm.ac.in/ds/course_pages/BSCS5002.html]
[study.iitm.ac.in/ds/course_pages/BSCS5003.html]
[study.iitm.ac.in/ds/course_pages/BSMS3033.html]
[study.iitm.ac.in/ds/course_pages/BSMS4023.html]
[study.iitm.ac.in/ds/course_pages/BSMS3034.html]
[study.iitm.ac.in/ds/course_pages/BSDA5013.html]
[study.iitm.ac.in/ds/course_pages/BSCS4022.html]
[study.iitm.ac.in/ds/course_pages/BSDA5002.html]
[study.iitm.ac.in/ds/course_pages/BSDA5003.html]
[study.iitm.ac.in/ds/course_pages/BSDA5014.html]
[study.iitm.ac.in/ds/assets/img/academics/cert_5_low.jpg]
[study.iitm.ac.in/ds/assets/img/academics/cert_5.jpg]
[study.iitm.ac.in/ds/assets/img/academics/cert_1_low.jpg]
[study.iitm.ac.in/ds/assets/img/academics/cert_1.jpg]
[study.iitm.ac.in/ds/assets/img/academics/cert_2_low.jpg]
[study.iitm.ac.in/ds/assets/img/academics/cert_2.jpg]
[study.iitm.ac.in/ds/assets/img/academics/cert_3_low.jpg]
[study.iitm.ac.in/ds/assets/img/academics/cert_3.jpg]
[study.iitm.ac.in/ds/assets/img/academics/cert_4_low.jpg]
[study.iitm.ac.in/ds/assets/img/academics/cert_4.jpg]
[study.iitm.ac.in/ds/academics.html]
[study.iitm.ac.in/ds/assets/js/custom/academics.js]
[study.iitm.ac.in/ds/academic_calendar.html]
[study.iitm.ac.in/ds/admissions.html]
[study.iitm.ac.in/ds/assets/img/studentlife/StudentLifeImage.jpg]
[study.iitm.ac.in/ds/assets/img/studentlife/HouseStructure-2.svg]
[study.iitm.ac.in/ds/assets/img/studentlife/house_logos/01-Bandipur.jpg]
[study.iitm.ac.in/ds/assets/img/studentlife/house_logos/01-Bandipur-large.webp]
[study.iitm.ac.in/ds/assets/img/studentlife/house_logos/02-Corbett.jpg]
[study.iitm.ac.in/ds/assets/img/studentlife/house_logos/02-Corbett-large.webp]
[study.iitm.ac.in/ds/assets/img/studentlife/house_logos/03-Gir.jpg]
[study.iitm.ac.in/ds/assets/img/studentlife/house_logos/03-Gir-large.webp]
[study.iitm.ac.in/ds/assets/img/studentlife/house_logos/04-Kanha.jpg]
[study.iitm.ac.in/ds/assets/img/studentlife/house_logos/04-Kanha-large.webp]
[study.iitm.ac.in/ds/assets/img/studentlife/house_logos/05-Kaziranga.webp]
[study.iitm.ac.in/ds/assets/img/studentlife/house_logos/05-Kaziranga-large.webp]
[study.iitm.ac.in/ds/assets/img/studentlife/house_logos/06-Nallamala.jpg]
[study.iitm.ac.in/ds/assets/img/studentlife/house_logos/06-Nallamala-large.webp]
[study.iitm.ac.in/ds/assets/img/studentlife/house_logos/07-Namdapha.jpg]
[study.iitm.ac.in/ds/assets/img/studentlife/house_logos/07-Namdapha-large.webp]
[study.iitm.ac.in/ds/assets/img/studentlife/house_logos/08-Nilgiri.webp]
[study.iitm.ac.in/ds/assets/img/studentlife/house_logos/08-Nilgiri-large.webp]
[study.iitm.ac.in/ds/assets/img/studentlife/house_logos/09-Pichavaram.jpg]
[study.iitm.ac.in/ds/assets/img/studentlife/house_logos/09-Pichavaram-large.webp]
[study.iitm.ac.in/ds/assets/img/studentlife/house_logos/10-Saranda.webp]
[study.iitm.ac.in/ds/assets/img/studentlife/house_logos/10-Saranda-large.webp]
[study.iitm.ac.in/ds/assets/img/studentlife/house_logos/11-Sundarbans.jpg]
[study.iitm.ac.in/ds/assets/img/studentlife/house_logos/11-Sundarbans-large.webp]
[study.iitm.ac.in/ds/assets/img/studentlife/house_logos/12-Wayanad.webp]
[study.iitm.ac.in/ds/assets/img/studentlife/house_logos/12-Wayanad-large.webp]
[study.iitm.ac.in/ds/assets/img/studentlife/Icon1.svg]
[study.iitm.ac.in/ds/assets/img/studentlife/Icon2.svg]
[study.iitm.ac.in/ds/assets/img/studentlife/Icon3.svg]
[study.iitm.ac.in/ds/assets/img/studentlife/Icon6.svg]
[study.iitm.ac.in/ds/assets/img/studentlife/Icon4.svg]
[study.iitm.ac.in/ds/student_life.html]
[study.iitm.ac.in/ds/assets/img/studentlife/Icon5.svg]
[study.iitm.ac.in/ds/assets/js/custom/testimonials.js]
[study.iitm.ac.in/ds/testimonials.html]
[study.iitm.ac.in/ds/code_of_conduct.html]
[study.iitm.ac.in/ds/tos.html]
[study.iitm.ac.in/ds/honour_code.html]
[study.iitm.ac.in/ds/privacy_policy.html]
[study.iitm.ac.in/ds/assets/css/nucleo-icons.css]
[study.iitm.ac.in/ds/assets/css/nucleo-svg.css]
[study.iitm.ac.in/ds/assets/css/font-awesome.css]
[study.iitm.ac.in/ds/assets/css/argon-design-system5438.css]
[study.iitm.ac.in/ds/assets/css/academics_base.css]
[study.iitm.ac.in/ds/assets/css/index.css]
[study.iitm.ac.in/ds/index-2.html]
[study.iitm.ac.in/ds/assets/css/aboutIITM.css]
[study.iitm.ac.in/ds/assets/img/aboutIITM/About_IITM_icon-01_website.svg]
[study.iitm.ac.in/ds/assets/img/aboutIITM/About_IITM_icon-02_facebook.svg]
[study.iitm.ac.in/ds/assets/img/aboutIITM/About_IITM_icon-03_instagram.svg]
[study.iitm.ac.in/ds/assets/img/aboutIITM/About_IITM_icon-04_twitter.svg]
[study.iitm.ac.in/ds/assets/css/faq.css]
[study.iitm.ac.in/ds/academic.html]
[study.iitm.ac.in/ds/assets/img/academics/Academics_icon-01.svg]
[study.iitm.ac.in/ds/assets/img/academics/Academics_icon-06.svg]
[study.iitm.ac.in/ds/assets/img/academics/Academics_icon-02.svg]
[study.iitm.ac.in/ds/assets/img/academics/Academics_icon-03.svg]
[study.iitm.ac.in/ds/assets/img/academics/Academics_icon-04.svg]
[study.iitm.ac.in/ds/assets/img/academics/Academics_icon-05.svg]
[study.iitm.ac.in/ds/course_pages/BSMA1003.html]
[study.iitm.ac.in/ds/course_pages/BSMA1001.html]
[study.iitm.ac.in/ds/course_pages/BSMA1002.html]
[study.iitm.ac.in/ds/course_pages/BSCS1001.html]
[study.iitm.ac.in/ds/course_pages/BSHS1001.html]
[study.iitm.ac.in/ds/course_pages/BSMA1004.html]
[study.iitm.ac.in/ds/course_pages/BSCS1002.html]
[study.iitm.ac.in/ds/course_pages/BSHS1002.html]
[study.iitm.ac.in/ds/course_pages/BSCS2001.html]
[study.iitm.ac.in/ds/course_pages/BSCS2002.html]
[study.iitm.ac.in/ds/course_pages/BSCS2003.html]
[study.iitm.ac.in/ds/course_pages/BSCS2003P.html]
[study.iitm.ac.in/ds/course_pages/BSCS2005.html]
[study.iitm.ac.in/ds/course_pages/BSCS2006.html]
[study.iitm.ac.in/ds/course_pages/BSCS2006P.html]
[study.iitm.ac.in/ds/course_pages/BSSE2001.html]
[study.iitm.ac.in/ds/course_pages/BSCS2004.html]
[study.iitm.ac.in/ds/course_pages/BSMS2001.html]
[study.iitm.ac.in/ds/course_pages/BSMS2001P.html]
[study.iitm.ac.in/ds/course_pages/BSCS2007.html]
[study.iitm.ac.in/ds/course_pages/BSCS2008.html]
[study.iitm.ac.in/ds/course_pages/BSCS2008P.html]
[study.iitm.ac.in/ds/course_pages/BSMS2002.html]
[study.iitm.ac.in/ds/course_pages/BSSE2002.html]
[study.iitm.ac.in/ds/course_pages/BSCS3001.html]
[study.iitm.ac.in/ds/course_pages/BSCS3003.html]
[study.iitm.ac.in/ds/course_pages/BSCS3002.html]
[study.iitm.ac.in/ds/course_pages/BSCS3004.html]
[study.iitm.ac.in/ds/course_pages/BSGN3001.html]
[study.iitm.ac.in/ds/course_pages/BSBT4001.html]
[study.iitm.ac.in/ds/course_pages/BSBT4002.html]
[study.iitm.ac.in/ds/course_pages/BSCS4001.html]
[study.iitm.ac.in/ds/course_pages/BSCS4002.html]
[study.iitm.ac.in/ds/course_pages/BSEE4001.html]
[study.iitm.ac.in/ds/course_pages/BSMS4002.html]
[study.iitm.ac.in/ds/course_pages/BSMS4001.html]
[study.iitm.ac.in/ds/course_pages/BSDA5007.html]
[study.iitm.ac.in/ds/course_pages/BSMS3002.html]
[study.iitm.ac.in/ds/course_pages/BSCS3007.html]
[study.iitm.ac.in/ds/course_pages/BSDA5001.html]
[study.iitm.ac.in/ds/course_pages/BSGN3002.html]
[study.iitm.ac.in/ds/course_pages/BSMA3012.html]
[study.iitm.ac.in/ds/course_pages/BSCS4021.html]
[study.iitm.ac.in/ds/course_pages/BSMA3014.html]
[study.iitm.ac.in/ds/course_pages/BSCS3031.html]
[study.iitm.ac.in/ds/course_pages/BSCS3005.html]
[study.iitm.ac.in/ds/course_pages/BSMA2001.html]
[study.iitm.ac.in/ds/course_pages/BSCS5001.html]
[study.iitm.ac.in/ds/course_pages/BSCS5002.html]
[study.iitm.ac.in/ds/course_pages/BSCS5003.html]
[study.iitm.ac.in/ds/course_pages/BSMS3033.html]
[study.iitm.ac.in/ds/course_pages/BSMS4023.html]
[study.iitm.ac.in/ds/course_pages/BSMS3034.html]
[study.iitm.ac.in/ds/course_pages/BSDA5013.html]
[study.iitm.ac.in/ds/course_pages/BSCS4022.html]
[study.iitm.ac.in/ds/course_pages/BSDA5002.html]
[study.iitm.ac.in/ds/course_pages/BSDA5003.html]
[study.iitm.ac.in/ds/course_pages/BSDA5014.html]
[study.iitm.ac.in/ds/assets/css/admissions.css]
[study.iitm.ac.in/ds/assets/css/student_societies.css]
[study.iitm.ac.in/ds/assets/img/studentlife/HouseStructure-2.svg]
[study.iitm.ac.in/ds/assets/img/studentlife/Icon1.svg]
[study.iitm.ac.in/ds/assets/img/studentlife/Icon2.svg]
[study.iitm.ac.in/ds/assets/img/studentlife/Icon3.svg]
[study.iitm.ac.in/ds/assets/img/studentlife/Icon6.svg]
[study.iitm.ac.in/ds/assets/img/studentlife/Icon4.svg]
[study.iitm.ac.in/ds/assets/img/studentlife/Icon5.svg]
[study.iitm.ac.in/ds/assets/css/tos.css]
[study.iitm.ac.in/ds/code_of_conduct.html]
[study.iitm.ac.in/ds/honour_code.html]
[study.iitm.ac.in/ds/assets/css/privacyPolicy.css]
[study.iitm.ac.in/ds/assets/css/privacyPolicy.css]
